---
source: crates/parser/tests/test_parser.rs
expression: ast
---
- - Expression:
      - Binary:
          op: +
          lhs:
            - Literal:
                Int: 5
            - start: 0
              end: 1
          rhs:
            - Binary:
                op: "-"
                lhs:
                  - Literal:
                      Int: 5
                  - start: 4
                    end: 5
                rhs:
                  - Binary:
                      op: /
                      lhs:
                        - Literal:
                            Int: 3
                        - start: 8
                          end: 9
                      rhs:
                        - Literal:
                            Int: 2
                        - start: 12
                          end: 13
                  - start: 8
                    end: 13
            - start: 4
              end: 13
      - start: 0
        end: 13
  - start: 0
    end: 13

